bool a;

active proctype test_action()
{
	a ->
		a = true;
}