bool a;
bool b;

active proctype test_action()
{
	a ->
		b = true;
}