bool a;
bool b;
bool c;
bool d;

active proctype abc()
{
	a ->
		b = true;
	b ->
		c = true;
	c ->
		d = true;
}


