bool a;
bool b;

active proctype test()
{
	int br1 = _nr_pr;
	run act_1();
	_nr_pr == br1 ->
		skip;
}

proctype act_1()
{
	a ->
		b = true;
}
