bool b;
bool c;
bool d;

active proctype iteNest()
{
	int count__;
    for (count__ : 1 .. 4) {
        c = true;
        int count___;
        for (count___ : 1 .. 4) {
            c ->
                d = true;
            d ->
                b = true;
        }
        b ->
    }
}
