bool a;
bool b;

active proctype test()
{
	a ->
		b = true;
}


