bool a;
bool b;
bool c;

active proctype test()
{
	if
	:: true ->
			a ->
				a = true;
	:: true ->
				a ->
					c = true;
				c ->
					b = true;
	fi
}
