bool a;
bool c;
bool b;
bool d;

active proctype test()
{
	if
	:: true ->
			a ->
				a = true;
	:: true ->
				a ->
					b = true;
				b ->
					c = true;
				c ->
					d = true;
	fi
}
